test_approval_and_permit_replay_remain_denied_after_restart (tests.test_persistence.IndexedRestartSafeStateTests.test_approval_and_permit_replay_remain_denied_after_restart) ... ok
test_concurrent_consumption_succeeds_once (tests.test_persistence.IndexedRestartSafeStateTests.test_concurrent_consumption_succeeds_once) ... ok
test_concurrent_identical_approval_allows_exactly_once (tests.test_persistence.IndexedRestartSafeStateTests.test_concurrent_identical_approval_allows_exactly_once) ... ok
test_existing_database_gets_index_without_changing_audit (tests.test_persistence.IndexedRestartSafeStateTests.test_existing_database_gets_index_without_changing_audit) ... ok
test_failed_audit_write_rolls_back_approval_and_permit (tests.test_persistence.IndexedRestartSafeStateTests.test_failed_audit_write_rolls_back_approval_and_permit) ... ok
test_failed_commit_rolls_back_approval_permit_and_audit (tests.test_persistence.IndexedRestartSafeStateTests.test_failed_commit_rolls_back_approval_permit_and_audit) ... ok
test_failed_consumption_audit_rolls_back_spent_permit (tests.test_persistence.IndexedRestartSafeStateTests.test_failed_consumption_audit_rolls_back_spent_permit) ... ok
test_failed_second_audit_insert_rolls_back_entire_issuance (tests.test_persistence.IndexedRestartSafeStateTests.test_failed_second_audit_insert_rolls_back_entire_issuance) ... ok
test_issuance_reads_tip_once_and_preserves_event_order (tests.test_persistence.IndexedRestartSafeStateTests.test_issuance_reads_tip_once_and_preserves_event_order) ... ok
test_malformed_persisted_audit_raises_integrity_error_at_restart (tests.test_persistence.IndexedRestartSafeStateTests.test_malformed_persisted_audit_raises_integrity_error_at_restart) ... ok
test_overlapping_connections_serialize_audit_tip_selection (tests.test_persistence.IndexedRestartSafeStateTests.test_overlapping_connections_serialize_audit_tip_selection) ... ok
test_replay_reason_uses_one_snapshot_with_id_precedence (tests.test_persistence.IndexedRestartSafeStateTests.test_replay_reason_uses_one_snapshot_with_id_precedence) ... ok
test_tampered_persisted_audit_fails_closed_at_restart (tests.test_persistence.IndexedRestartSafeStateTests.test_tampered_persisted_audit_fails_closed_at_restart) ... ok
test_verified_approval_and_permit_are_committed_with_one_transaction (tests.test_persistence.IndexedRestartSafeStateTests.test_verified_approval_and_permit_are_committed_with_one_transaction) ... ok
test_approval_and_permit_replay_remain_denied_after_restart (tests.test_persistence.RestartSafeStateTests.test_approval_and_permit_replay_remain_denied_after_restart) ... ok
test_concurrent_consumption_succeeds_once (tests.test_persistence.RestartSafeStateTests.test_concurrent_consumption_succeeds_once) ... ok
test_concurrent_identical_approval_allows_exactly_once (tests.test_persistence.RestartSafeStateTests.test_concurrent_identical_approval_allows_exactly_once) ... ok
test_existing_database_gets_index_without_changing_audit (tests.test_persistence.RestartSafeStateTests.test_existing_database_gets_index_without_changing_audit) ... ok
test_failed_audit_write_rolls_back_approval_and_permit (tests.test_persistence.RestartSafeStateTests.test_failed_audit_write_rolls_back_approval_and_permit) ... ok
test_failed_commit_rolls_back_approval_permit_and_audit (tests.test_persistence.RestartSafeStateTests.test_failed_commit_rolls_back_approval_permit_and_audit) ... ok
test_failed_consumption_audit_rolls_back_spent_permit (tests.test_persistence.RestartSafeStateTests.test_failed_consumption_audit_rolls_back_spent_permit) ... ok
test_failed_second_audit_insert_rolls_back_entire_issuance (tests.test_persistence.RestartSafeStateTests.test_failed_second_audit_insert_rolls_back_entire_issuance) ... ok
test_issuance_reads_tip_once_and_preserves_event_order (tests.test_persistence.RestartSafeStateTests.test_issuance_reads_tip_once_and_preserves_event_order) ... ok
test_malformed_persisted_audit_raises_integrity_error_at_restart (tests.test_persistence.RestartSafeStateTests.test_malformed_persisted_audit_raises_integrity_error_at_restart) ... ok
test_overlapping_connections_serialize_audit_tip_selection (tests.test_persistence.RestartSafeStateTests.test_overlapping_connections_serialize_audit_tip_selection) ... ok
test_replay_reason_uses_one_snapshot_with_id_precedence (tests.test_persistence.RestartSafeStateTests.test_replay_reason_uses_one_snapshot_with_id_precedence) ... ok
test_tampered_persisted_audit_fails_closed_at_restart (tests.test_persistence.RestartSafeStateTests.test_tampered_persisted_audit_fails_closed_at_restart) ... ok
test_verified_approval_and_permit_are_committed_with_one_transaction (tests.test_persistence.RestartSafeStateTests.test_verified_approval_and_permit_are_committed_with_one_transaction) ... ok

----------------------------------------------------------------------
Ran 28 tests in 1.508s

OK
