test_absent_deleted_and_changed_secret_fall_back (tests.test_audit_checkpoint.AuditCheckpointTests.test_absent_deleted_and_changed_secret_fall_back) ... ok
test_bootstrap_snapshot_blocks_overlapping_append_until_publication (tests.test_audit_checkpoint.AuditCheckpointTests.test_bootstrap_snapshot_blocks_overlapping_append_until_publication) ... ok
test_historical_tamper_including_checkpoint_row_fails_closed (tests.test_audit_checkpoint.AuditCheckpointTests.test_historical_tamper_including_checkpoint_row_fails_closed) ... ok
test_malformed_audit_before_and_after_checkpoint_fails_closed (tests.test_audit_checkpoint.AuditCheckpointTests.test_malformed_audit_before_and_after_checkpoint_fails_closed) ... ok
test_malformed_corrupt_mismatched_and_stale_cache_fall_back (tests.test_audit_checkpoint.AuditCheckpointTests.test_malformed_corrupt_mismatched_and_stale_cache_fall_back) ... ok
test_recomputed_unkeyed_prefix_digest_cannot_hide_tamper (tests.test_audit_checkpoint.AuditCheckpointTests.test_recomputed_unkeyed_prefix_digest_cannot_hide_tamper) ... ok
test_reopen_uses_cache_and_forced_verify_still_reads_full_chain (tests.test_audit_checkpoint.AuditCheckpointTests.test_reopen_uses_cache_and_forced_verify_still_reads_full_chain) ... ok
test_suffix_verification_and_refresh (tests.test_audit_checkpoint.AuditCheckpointTests.test_suffix_verification_and_refresh) ... ok
test_tamper_after_checkpoint_fails_closed (tests.test_audit_checkpoint.AuditCheckpointTests.test_tamper_after_checkpoint_fails_closed) ... ok
test_truncation_and_sequence_changes_invalidate_cache (tests.test_audit_checkpoint.AuditCheckpointTests.test_truncation_and_sequence_changes_invalidate_cache) ... ok
test_unavailable_checkpoint_write_fails_closed_and_rolls_back (tests.test_audit_checkpoint.AuditCheckpointTests.test_unavailable_checkpoint_write_fails_closed_and_rolls_back) ... ok
test_approval_and_permit_replay_remain_denied_after_restart (tests.test_persistence.IndexedRestartSafeStateTests.test_approval_and_permit_replay_remain_denied_after_restart) ... ok
test_concurrent_consumption_succeeds_once (tests.test_persistence.IndexedRestartSafeStateTests.test_concurrent_consumption_succeeds_once) ... ok
test_concurrent_identical_approval_allows_exactly_once (tests.test_persistence.IndexedRestartSafeStateTests.test_concurrent_identical_approval_allows_exactly_once) ... ok
test_existing_database_gets_index_without_changing_audit (tests.test_persistence.IndexedRestartSafeStateTests.test_existing_database_gets_index_without_changing_audit) ... ok
test_failed_audit_write_rolls_back_approval_and_permit (tests.test_persistence.IndexedRestartSafeStateTests.test_failed_audit_write_rolls_back_approval_and_permit) ... ok
test_failed_commit_rolls_back_approval_permit_and_audit (tests.test_persistence.IndexedRestartSafeStateTests.test_failed_commit_rolls_back_approval_permit_and_audit) ... ok
test_failed_consumption_audit_rolls_back_spent_permit (tests.test_persistence.IndexedRestartSafeStateTests.test_failed_consumption_audit_rolls_back_spent_permit) ... ok
test_failed_second_audit_insert_rolls_back_entire_issuance (tests.test_persistence.IndexedRestartSafeStateTests.test_failed_second_audit_insert_rolls_back_entire_issuance) ... ok
test_issuance_reads_tip_once_and_preserves_event_order (tests.test_persistence.IndexedRestartSafeStateTests.test_issuance_reads_tip_once_and_preserves_event_order) ... ok
test_malformed_persisted_audit_raises_integrity_error_at_restart (tests.test_persistence.IndexedRestartSafeStateTests.test_malformed_persisted_audit_raises_integrity_error_at_restart) ... ok
test_overlapping_connections_serialize_audit_tip_selection (tests.test_persistence.IndexedRestartSafeStateTests.test_overlapping_connections_serialize_audit_tip_selection) ... ok
test_replay_reason_uses_one_snapshot_with_id_precedence (tests.test_persistence.IndexedRestartSafeStateTests.test_replay_reason_uses_one_snapshot_with_id_precedence) ... ok
test_tampered_persisted_audit_fails_closed_at_restart (tests.test_persistence.IndexedRestartSafeStateTests.test_tampered_persisted_audit_fails_closed_at_restart) ... ok
test_verified_approval_and_permit_are_committed_with_one_transaction (tests.test_persistence.IndexedRestartSafeStateTests.test_verified_approval_and_permit_are_committed_with_one_transaction) ... ok
test_approval_and_permit_replay_remain_denied_after_restart (tests.test_persistence.RestartSafeStateTests.test_approval_and_permit_replay_remain_denied_after_restart) ... ok
test_concurrent_consumption_succeeds_once (tests.test_persistence.RestartSafeStateTests.test_concurrent_consumption_succeeds_once) ... ok
test_concurrent_identical_approval_allows_exactly_once (tests.test_persistence.RestartSafeStateTests.test_concurrent_identical_approval_allows_exactly_once) ... ok
test_existing_database_gets_index_without_changing_audit (tests.test_persistence.RestartSafeStateTests.test_existing_database_gets_index_without_changing_audit) ... ok
test_failed_audit_write_rolls_back_approval_and_permit (tests.test_persistence.RestartSafeStateTests.test_failed_audit_write_rolls_back_approval_and_permit) ... ok
test_failed_commit_rolls_back_approval_permit_and_audit (tests.test_persistence.RestartSafeStateTests.test_failed_commit_rolls_back_approval_permit_and_audit) ... ok
test_failed_consumption_audit_rolls_back_spent_permit (tests.test_persistence.RestartSafeStateTests.test_failed_consumption_audit_rolls_back_spent_permit) ... ok
test_failed_second_audit_insert_rolls_back_entire_issuance (tests.test_persistence.RestartSafeStateTests.test_failed_second_audit_insert_rolls_back_entire_issuance) ... ok
test_issuance_reads_tip_once_and_preserves_event_order (tests.test_persistence.RestartSafeStateTests.test_issuance_reads_tip_once_and_preserves_event_order) ... ok
test_malformed_persisted_audit_raises_integrity_error_at_restart (tests.test_persistence.RestartSafeStateTests.test_malformed_persisted_audit_raises_integrity_error_at_restart) ... ok
test_overlapping_connections_serialize_audit_tip_selection (tests.test_persistence.RestartSafeStateTests.test_overlapping_connections_serialize_audit_tip_selection) ... ok
test_replay_reason_uses_one_snapshot_with_id_precedence (tests.test_persistence.RestartSafeStateTests.test_replay_reason_uses_one_snapshot_with_id_precedence) ... ok
test_tampered_persisted_audit_fails_closed_at_restart (tests.test_persistence.RestartSafeStateTests.test_tampered_persisted_audit_fails_closed_at_restart) ... ok
test_verified_approval_and_permit_are_committed_with_one_transaction (tests.test_persistence.RestartSafeStateTests.test_verified_approval_and_permit_are_committed_with_one_transaction) ... ok
test_agent_budget_is_stricter_than_global_budget (tests.test_kernel.GovernanceKernelTests.test_agent_budget_is_stricter_than_global_budget) ... ok
test_agent_grants_fail_closed_for_unknown_principal (tests.test_kernel.GovernanceKernelTests.test_agent_grants_fail_closed_for_unknown_principal) ... ok
test_agent_role_cannot_expand_its_action_or_resource (tests.test_kernel.GovernanceKernelTests.test_agent_role_cannot_expand_its_action_or_resource) ... ok
test_allowed_intent_gets_bound_one_use_permit (tests.test_kernel.GovernanceKernelTests.test_allowed_intent_gets_bound_one_use_permit) ... ok
test_approval_is_explicit (tests.test_kernel.GovernanceKernelTests.test_approval_is_explicit) ... ok
test_audit_chain_detects_tampering (tests.test_kernel.GovernanceKernelTests.test_audit_chain_detects_tampering) ... ok
test_default_profiles_do_not_create_an_approver_agent (tests.test_kernel.GovernanceKernelTests.test_default_profiles_do_not_create_an_approver_agent) ... ok
test_fail_closed_policy_boundaries (tests.test_kernel.GovernanceKernelTests.test_fail_closed_policy_boundaries) ... ok
test_github_access_is_read_only_and_role_scoped (tests.test_kernel.GovernanceKernelTests.test_github_access_is_read_only_and_role_scoped) ... ok
test_malformed_or_duplicate_agent_grants_are_rejected (tests.test_kernel.GovernanceKernelTests.test_malformed_or_duplicate_agent_grants_are_rejected) ... ok
test_permit_cannot_be_used_for_different_intent (tests.test_kernel.GovernanceKernelTests.test_permit_cannot_be_used_for_different_intent) ... ok
test_plugin_profiles_are_declarations_not_connection_claims (tests.test_kernel.GovernanceKernelTests.test_plugin_profiles_are_declarations_not_connection_claims) ... ok
test_absent_profile_recommends_complete_collection (tests.test_evidence_tuning.EvidenceTuningTests.test_absent_profile_recommends_complete_collection) ... ok
test_absent_runtime_profile_preserves_serial_behavior (tests.test_evidence_tuning.EvidenceTuningTests.test_absent_runtime_profile_preserves_serial_behavior) ... ok
test_atomic_save_failure_preserves_old_profile (tests.test_evidence_tuning.EvidenceTuningTests.test_atomic_save_failure_preserves_old_profile) ... ok
test_changed_code_falls_back (tests.test_evidence_tuning.EvidenceTuningTests.test_changed_code_falls_back) ... ok
test_cli_custom_count_requires_custom_mode (tests.test_evidence_tuning.EvidenceTuningTests.test_cli_custom_count_requires_custom_mode) ... ok
test_cli_forbids_conflicting_actions (tests.test_evidence_tuning.EvidenceTuningTests.test_cli_forbids_conflicting_actions) ... usage: pulpo tune [-h] [--profile PROFILE]
                  [--show | --recommended | --workers WORKERS | --refresh]
pulpo tune: error: argument --workers: not allowed with argument --recommended
ok
test_corrupt_digest_falls_back (tests.test_evidence_tuning.EvidenceTuningTests.test_corrupt_digest_falls_back) ... ok
test_corrupt_profile_cannot_authorize_rollback (tests.test_evidence_tuning.EvidenceTuningTests.test_corrupt_profile_cannot_authorize_rollback) ... ok
test_failed_check_does_not_replace_saved_setting (tests.test_evidence_tuning.EvidenceTuningTests.test_failed_check_does_not_replace_saved_setting) ... ok
test_fresh_fixture_checks_each_allowed_count (tests.test_evidence_tuning.EvidenceTuningTests.test_fresh_fixture_checks_each_allowed_count) ... ok
test_hardware_limit_is_capped (tests.test_evidence_tuning.EvidenceTuningTests.test_hardware_limit_is_capped) ... ok
test_invalid_types_and_ranges_rejected (tests.test_evidence_tuning.EvidenceTuningTests.test_invalid_types_and_ranges_rejected) ... ok
test_malformed_json_falls_back (tests.test_evidence_tuning.EvidenceTuningTests.test_malformed_json_falls_back) ... ok
test_oversized_profile_falls_back (tests.test_evidence_tuning.EvidenceTuningTests.test_oversized_profile_falls_back) ... ok
test_process_mode_cannot_be_enabled_by_profile (tests.test_evidence_tuning.EvidenceTuningTests.test_process_mode_cannot_be_enabled_by_profile) ... ok
test_rollback_rechecks_and_restores_previous_setting (tests.test_evidence_tuning.EvidenceTuningTests.test_rollback_rechecks_and_restores_previous_setting) ... ok
test_runtime_auto_profile_preserves_complete_serial_snapshot (tests.test_evidence_tuning.EvidenceTuningTests.test_runtime_auto_profile_preserves_complete_serial_snapshot) ... ok
test_runtime_profile_cannot_suppress_capture_errors (tests.test_evidence_tuning.EvidenceTuningTests.test_runtime_profile_cannot_suppress_capture_errors) ... ok
test_save_and_load_valid_setting (tests.test_evidence_tuning.EvidenceTuningTests.test_save_and_load_valid_setting) ... ok
test_setup_does_not_save_evidence_profile_on_verification_failure (tests.test_evidence_tuning.EvidenceTuningTests.test_setup_does_not_save_evidence_profile_on_verification_failure) ... ok
test_single_cpu_recommendation (tests.test_evidence_tuning.EvidenceTuningTests.test_single_cpu_recommendation) ... ok
test_stale_machine_falls_back (tests.test_evidence_tuning.EvidenceTuningTests.test_stale_machine_falls_back) ... ok
test_unknown_controls_rejected_even_with_recomputed_digest (tests.test_evidence_tuning.EvidenceTuningTests.test_unknown_controls_rejected_even_with_recomputed_digest) ... ok
test_upgrade_failed_check_preserves_original_file (tests.test_evidence_tuning.EvidenceTuningTests.test_upgrade_failed_check_preserves_original_file) ... ok
test_upgrade_rejects_corrupted_digest (tests.test_evidence_tuning.EvidenceTuningTests.test_upgrade_rejects_corrupted_digest) ... ok
test_upgrade_rejects_out_of_bounds_hardware_change (tests.test_evidence_tuning.EvidenceTuningTests.test_upgrade_rejects_out_of_bounds_hardware_change) ... ok
test_upgrade_revalidates_choice_and_preserves_undo (tests.test_evidence_tuning.EvidenceTuningTests.test_upgrade_revalidates_choice_and_preserves_undo) ... ok
test_invalid_profile_falls_back_conservatively_without_authority_change (tests.test_setup.PulpoSetupTests.test_invalid_profile_falls_back_conservatively_without_authority_change) ... ok
test_setup_builds_profile_from_matching_benchmark (tests.test_setup.PulpoSetupTests.test_setup_builds_profile_from_matching_benchmark) ... ok
test_setup_reuses_matching_profile (tests.test_setup.PulpoSetupTests.test_setup_reuses_matching_profile) ... ok
test_batched_parallel_path_detects_tampered_stored_hash (tests.test_parallel_performance.AuditParallelTests.test_batched_parallel_path_detects_tampered_stored_hash) ... ok
test_cached_digest_never_skips_current_chain_check (tests.test_parallel_performance.AuditParallelTests.test_cached_digest_never_skips_current_chain_check) ... ok
test_cached_digest_never_skips_stored_hash_check (tests.test_parallel_performance.AuditParallelTests.test_cached_digest_never_skips_stored_hash_check) ... ok
test_digest_cache_is_bounded (tests.test_parallel_performance.AuditParallelTests.test_digest_cache_is_bounded) ... ok
test_invalid_batch_size_is_rejected (tests.test_parallel_performance.AuditParallelTests.test_invalid_batch_size_is_rejected) ... ok
test_multi_process_result_matches_local_result (tests.test_parallel_performance.AuditParallelTests.test_multi_process_result_matches_local_result) ... ok
test_adaptive_engine_preserves_verification_semantics (tests.test_parallel_performance.AuditPerformanceTunerTests.test_adaptive_engine_preserves_verification_semantics) ... ok
test_benchmark_selects_workload_specific_profiles (tests.test_parallel_performance.AuditPerformanceTunerTests.test_benchmark_selects_workload_specific_profiles) ... ok
test_profile_document_has_no_authority_effect (tests.test_parallel_performance.AuditPerformanceTunerTests.test_profile_document_has_no_authority_effect) ... ok
test_unapproved_batch_size_is_rejected (tests.test_parallel_performance.AuditPerformanceTunerTests.test_unapproved_batch_size_is_rejected) ... ok
test_parallel_collection_matches_serial_collection (tests.test_parallel_performance.ParallelEvidenceTests.test_parallel_collection_matches_serial_collection) ... ok
test_sharded_cache_does_not_hide_changed_evidence (tests.test_parallel_performance.ParallelEvidenceTests.test_sharded_cache_does_not_hide_changed_evidence) ... ok
test_sharded_digest_cache_reuses_only_exact_canonical_payload (tests.test_parallel_performance.ParallelEvidenceTests.test_sharded_digest_cache_reuses_only_exact_canonical_payload) ... ok
test_ambiguous_overlapping_roots_are_rejected (tests.test_effect_reconcile.PermitBoundEffectReconciliationTests.test_ambiguous_overlapping_roots_are_rejected) ... ok
test_canonical_evidence_surface_may_change_without_trusting_child (tests.test_effect_reconcile.PermitBoundEffectReconciliationTests.test_canonical_evidence_surface_may_change_without_trusting_child) ... ok
test_effect_resource_cannot_be_bound_twice (tests.test_effect_reconcile.PermitBoundEffectReconciliationTests.test_effect_resource_cannot_be_bound_twice) ... ok
test_envelope_hash_is_order_independent_for_surface_declaration (tests.test_effect_reconcile.PermitBoundEffectReconciliationTests.test_envelope_hash_is_order_independent_for_surface_declaration) ... ok
test_execution_identity_mismatch_is_mismatch_without_effect (tests.test_effect_reconcile.PermitBoundEffectReconciliationTests.test_execution_identity_mismatch_is_mismatch_without_effect) ... ok
test_existing_one_use_permit_is_cryptographically_bound_to_effect_envelope (tests.test_effect_reconcile.PermitBoundEffectReconciliationTests.test_existing_one_use_permit_is_cryptographically_bound_to_effect_envelope) ... ok
test_expired_permit_is_mismatch (tests.test_effect_reconcile.PermitBoundEffectReconciliationTests.test_expired_permit_is_mismatch) ... ok
test_generator_observations_do_not_create_false_duplicate_uncertainty (tests.test_effect_reconcile.PermitBoundEffectReconciliationTests.test_generator_observations_do_not_create_false_duplicate_uncertainty) ... ok
test_incomplete_observer_fails_closed_as_uncertain (tests.test_effect_reconcile.PermitBoundEffectReconciliationTests.test_incomplete_observer_fails_closed_as_uncertain) ... ok
test_missing_surface_observation_is_uncertain (tests.test_effect_reconcile.PermitBoundEffectReconciliationTests.test_missing_surface_observation_is_uncertain) ... ok
test_nested_writable_is_allowed_only_when_parent_protected_surface_excludes_it (tests.test_effect_reconcile.PermitBoundEffectReconciliationTests.test_nested_writable_is_allowed_only_when_parent_protected_surface_excludes_it) ... ok
test_observed_path_outside_envelope_is_undeclared_mismatch (tests.test_effect_reconcile.PermitBoundEffectReconciliationTests.test_observed_path_outside_envelope_is_undeclared_mismatch) ... ok
test_protected_worktree_write_is_mismatch_even_when_runtime_write_is_allowed (tests.test_effect_reconcile.PermitBoundEffectReconciliationTests.test_protected_worktree_write_is_mismatch_even_when_runtime_write_is_allowed) ... ok
test_symlink_snapshot_does_not_follow_target (tests.test_effect_reconcile.PermitBoundEffectReconciliationTests.test_symlink_snapshot_does_not_follow_target) ... ok
test_unattested_write_to_evidence_surface_is_mismatch (tests.test_effect_reconcile.PermitBoundEffectReconciliationTests.test_unattested_write_to_evidence_surface_is_mismatch) ... ok
test_writes_inside_declared_runtime_surface_are_verified (tests.test_effect_reconcile.PermitBoundEffectReconciliationTests.test_writes_inside_declared_runtime_surface_are_verified) ... ok
test_capability_stripped_projection_cannot_mutate_canonical_state (tests.test_governed_effect_boundary.GovernedEffectBoundaryTests.test_capability_stripped_projection_cannot_mutate_canonical_state)
Ephemeral proposal transport must leave the canonical chain unchanged. ... ok
test_frozen_projection_does_not_gain_future_canonical_state (tests.test_governed_effect_boundary.GovernedEffectBoundaryTests.test_frozen_projection_does_not_gain_future_canonical_state)
Later canonical writes must not appear through a retained hidden reference. ... ok
test_no_permit_does_not_mean_no_governed_effect (tests.test_governed_effect_boundary.GovernedEffectBoundaryTests.test_no_permit_does_not_mean_no_governed_effect)
A canonical target lock mutates state even though no permit exists. ... ok
test_no_write_route_does_not_mean_no_write_capability (tests.test_governed_effect_boundary.GovernedEffectBoundaryTests.test_no_write_route_does_not_mean_no_write_capability)
A transport object must not retain a writer even if its methods are read-only. ... ok
test_randomized_sqlite_sequence_preserves_constitutional_invariants (tests.test_constitutional_sequences.ConstitutionalSequenceTests.test_randomized_sqlite_sequence_preserves_constitutional_invariants) ... ok

----------------------------------------------------------------------
Ran 115 tests in 50.155s

OK
