test_approval_required_policy_binds_signature_to_committed_order (test_api.CustodyServiceApiTests.test_approval_required_policy_binds_signature_to_committed_order) ... ok
test_byte_identical_external_order_has_no_authority_without_commitment (test_api.CustodyServiceApiTests.test_byte_identical_external_order_has_no_authority_without_commitment) ... ok
test_copied_handle_cannot_execute_twice_or_substitute_order_hash (test_api.CustodyServiceApiTests.test_copied_handle_cannot_execute_twice_or_substitute_order_hash) ... ok
test_worker_cannot_inject_order_time_budget_or_provider_fields (test_api.CustodyServiceApiTests.test_worker_cannot_inject_order_time_budget_or_provider_fields) ... ok
test_worker_uses_proposal_reference_then_handle_only (test_api.CustodyServiceApiTests.test_worker_uses_proposal_reference_then_handle_only) ... ok
test_approval_for_one_commitment_cannot_authorize_another (test_approval_challenge.ApprovalChallengeTests.test_approval_for_one_commitment_cannot_authorize_another) ... ok
test_changed_domain_gets_different_commitment_target_and_intent (test_approval_challenge.ApprovalChallengeTests.test_changed_domain_gets_different_commitment_target_and_intent) ... ok
test_exact_authority_request_is_compatible_and_non_authorizing (test_approval_challenge.ApprovalChallengeTests.test_exact_authority_request_is_compatible_and_non_authorizing) ... ok
test_worker_cannot_inject_target_policy_deployment_ttl_time_or_order (test_approval_challenge.ApprovalChallengeTests.test_worker_cannot_inject_target_policy_deployment_ttl_time_or_order) ... ok
test_two_callers_same_commitment_create_one_authoritative_attempt (test_concurrency.CustodyServiceConcurrencyTests.test_two_callers_same_commitment_create_one_authoritative_attempt) ... ok
test_domain_only_proposal_captures_price_commitment_and_approval_request (test_domain_proposal.DomainProposalApiTests.test_domain_only_proposal_captures_price_commitment_and_approval_request) ... ok
test_exact_commitment_can_receive_signature_then_create_one_attempt (test_domain_proposal.DomainProposalApiTests.test_exact_commitment_can_receive_signature_then_create_one_attempt) ... ok
test_identical_display_order_cannot_replace_commitment_reference (test_domain_proposal.DomainProposalApiTests.test_identical_display_order_cannot_replace_commitment_reference) ... ok
test_worker_cannot_inject_consequential_proposal_fields (test_domain_proposal.DomainProposalApiTests.test_worker_cannot_inject_consequential_proposal_fields) ... ok
test_budget_ttl_username_token_and_state_path_constraints_fail_closed (test_runtime.CustodyRuntimeTests.test_budget_ttl_username_token_and_state_path_constraints_fail_closed) ... ok
test_build_is_hard_pinned_to_sandbox_and_external_approval (test_runtime.CustodyRuntimeTests.test_build_is_hard_pinned_to_sandbox_and_external_approval) ... ok
test_missing_or_short_custody_secrets_fail_before_service_start (test_runtime.CustodyRuntimeTests.test_missing_or_short_custody_secrets_fail_before_service_start) ... ok
test_unrelated_environment_variable_cannot_select_production (test_runtime.CustodyRuntimeTests.test_unrelated_environment_variable_cannot_select_production) ... ok
test_environment_requires_token_bot_identity_and_numeric_chat (test_telegram_transport.TelegramBotApiTransportTests.test_environment_requires_token_bot_identity_and_numeric_chat) ... ok
test_malformed_success_response_is_external_reality_unknown (test_telegram_transport.TelegramBotApiTransportTests.test_malformed_success_response_is_external_reality_unknown) ... ok
test_network_ambiguity_is_unknown_sanitized_and_not_retried (test_telegram_transport.TelegramBotApiTransportTests.test_network_ambiguity_is_unknown_sanitized_and_not_retried) ... ok
test_out_of_scope_bot_is_rejected_before_network (test_telegram_transport.TelegramBotApiTransportTests.test_out_of_scope_bot_is_rejected_before_network) ... ok
test_out_of_scope_chat_is_rejected_before_network (test_telegram_transport.TelegramBotApiTransportTests.test_out_of_scope_chat_is_rejected_before_network) ... ok
test_provider_denial_is_explicit_and_destination_mismatch_is_unknown (test_telegram_transport.TelegramBotApiTransportTests.test_provider_denial_is_explicit_and_destination_mismatch_is_unknown) ... ok
test_send_message_shape_uses_official_https_endpoint_and_minimized_claim (test_telegram_transport.TelegramBotApiTransportTests.test_send_message_shape_uses_official_https_endpoint_and_minimized_claim) ... ok
test_token_identity_is_pinned_and_repr_is_redacted (test_telegram_transport.TelegramBotApiTransportTests.test_token_identity_is_pinned_and_repr_is_redacted) ... ok

----------------------------------------------------------------------
Ran 26 tests in 0.341s

OK
