test_http_surface_exposes_authenticated_request_poll_and_human_ceremony (test_api.AuthorityApiTests.test_http_surface_exposes_authenticated_request_poll_and_human_ceremony) ... ok
test_http_surface_has_no_denial_or_credential_administration_route (test_api.AuthorityApiTests.test_http_surface_has_no_denial_or_credential_administration_route) ... ok
test_human_page_escapes_request_text_and_disables_completed_requests (test_api.AuthorityApiTests.test_human_page_escapes_request_text_and_disables_completed_requests) ... ok
test_human_page_invokes_only_the_existing_webauthn_assertion_route (test_api.AuthorityApiTests.test_human_page_invokes_only_the_existing_webauthn_assertion_route) ... ok
test_human_surface_remains_public_while_worker_surface_is_locked (test_api.AuthorityApiTests.test_human_surface_remains_public_while_worker_surface_is_locked) ... ok
test_oversized_request_body_is_rejected_before_validation (test_api.AuthorityApiTests.test_oversized_request_body_is_rejected_before_validation) ... ok
test_oversized_request_target_and_headers_fail_closed (test_api.AuthorityApiTests.test_oversized_request_target_and_headers_fail_closed) ... ok
test_unknown_invalid_and_extra_input_fail_closed (test_api.AuthorityApiTests.test_unknown_invalid_and_extra_input_fail_closed) ... ok
test_worker_routes_fail_closed_without_explicit_authentication (test_api.AuthorityApiTests.test_worker_routes_fail_closed_without_explicit_authentication) ... ok
test_exact_least_privilege_session_produces_read_only_evidence (test_cloud_sql_probe.CloudSqlAuthorityProbeTests.test_exact_least_privilege_session_produces_read_only_evidence) ... ok
test_missing_or_malformed_probe_row_fails_closed (test_cloud_sql_probe.CloudSqlAuthorityProbeTests.test_missing_or_malformed_probe_row_fails_closed) ... ok
test_role_search_path_version_and_admin_drift_fail_closed (test_cloud_sql_probe.CloudSqlAuthorityProbeTests.test_role_search_path_version_and_admin_drift_fail_closed) ... ok
test_wrong_database_or_iam_identity_fails_closed (test_cloud_sql_probe.CloudSqlAuthorityProbeTests.test_wrong_database_or_iam_identity_fails_closed) ... ok
test_adapter_preserves_postgres_state_execute_contract (test_cloud_sql_state.CloudSqlAuthorityConnectionFactoryTests.test_adapter_preserves_postgres_state_execute_contract) ... ok
test_exact_private_iam_connection_is_pinned_without_password_path (test_cloud_sql_state.CloudSqlAuthorityConnectionFactoryTests.test_exact_private_iam_connection_is_pinned_without_password_path) ... ok
test_injected_connector_is_not_closed_by_factory (test_cloud_sql_state.CloudSqlAuthorityConnectionFactoryTests.test_injected_connector_is_not_closed_by_factory) ... ok
test_bucket_identity_locked_effective_retention_and_minimum_are_mandatory (test_gcp_evidence.GoogleCloudLockedEvidenceSinkTests.test_bucket_identity_locked_effective_retention_and_minimum_are_mandatory) ... ok
test_configuration_rejects_ambiguous_bucket_prefix_and_retention (test_gcp_evidence.GoogleCloudLockedEvidenceSinkTests.test_configuration_rejects_ambiguous_bucket_prefix_and_retention) ... ok
test_create_only_upload_uses_digest_name_generation_precondition_and_crc32c (test_gcp_evidence.GoogleCloudLockedEvidenceSinkTests.test_create_only_upload_uses_digest_name_generation_precondition_and_crc32c) ... ok
test_existing_create_only_object_is_accepted_only_when_bytes_match_exactly (test_gcp_evidence.GoogleCloudLockedEvidenceSinkTests.test_existing_create_only_object_is_accepted_only_when_bytes_match_exactly) ... ok
test_non_precondition_upload_and_existing_object_read_fail_closed (test_gcp_evidence.GoogleCloudLockedEvidenceSinkTests.test_non_precondition_upload_and_existing_object_read_fail_closed) ... ok
test_crc_wrapper_and_enum_shape_fail_closed_before_signer_acceptance (test_gcp_kms_transport.GoogleCloudKmsTransportTests.test_crc_wrapper_and_enum_shape_fail_closed_before_signer_acceptance) ... ok
test_digest_length_fails_closed (test_gcp_kms_transport.GoogleCloudKmsTransportTests.test_digest_length_fails_closed) ... ok
test_maps_exact_google_sdk_digest_request_and_response_contract (test_gcp_kms_transport.GoogleCloudKmsTransportTests.test_maps_exact_google_sdk_digest_request_and_response_contract) ... ok
test_transport_does_not_select_or_rewrite_key_version (test_gcp_kms_transport.GoogleCloudKmsTransportTests.test_transport_does_not_select_or_rewrite_key_version) ... ok
test_configuration_requires_exact_nonempty_identity_values (test_google_worker_auth.GoogleServiceAccountWorkerAuthenticatorTests.test_configuration_requires_exact_nonempty_identity_values) ... ok
test_exact_google_signed_service_identity_is_accepted (test_google_worker_auth.GoogleServiceAccountWorkerAuthenticatorTests.test_exact_google_signed_service_identity_is_accepted) ... ok
test_invalid_token_is_unauthorized_but_verifier_outage_is_unavailable (test_google_worker_auth.GoogleServiceAccountWorkerAuthenticatorTests.test_invalid_token_is_unauthorized_but_verifier_outage_is_unavailable) ... ok
test_issuer_audience_subject_authorized_party_email_and_verification_are_all_pinned (test_google_worker_auth.GoogleServiceAccountWorkerAuthenticatorTests.test_issuer_audience_subject_authorized_party_email_and_verification_are_all_pinned) ... ok
test_missing_or_malformed_bearer_token_fails_closed_before_verification (test_google_worker_auth.GoogleServiceAccountWorkerAuthenticatorTests.test_missing_or_malformed_bearer_token_fails_closed_before_verification) ... ok
test_probe_is_domain_separated_non_authority_and_locally_verified (test_kms_probe.KmsAcceptanceProbeTests.test_probe_is_domain_separated_non_authority_and_locally_verified) ... ok
test_wrong_public_fingerprint_fails_before_sign (test_kms_probe.KmsAcceptanceProbeTests.test_wrong_public_fingerprint_fails_before_sign) ... ok
test_crc32c_matches_castagnoli_reference_vector (test_kms_signer.KmsSignerTests.test_crc32c_matches_castagnoli_reference_vector) ... ok
test_invalid_key_version_and_empty_payload_are_rejected_locally (test_kms_signer.KmsSignerTests.test_invalid_key_version_and_empty_payload_are_rejected_locally) ... ok
test_public_key_identity_algorithm_protection_crc_curve_and_fingerprint_fail_closed (test_kms_signer.KmsSignerTests.test_public_key_identity_algorithm_protection_crc_curve_and_fingerprint_fail_closed) ... ok
test_signature_is_fixed_width_raw_rs (test_kms_signer.KmsSignerTests.test_signature_is_fixed_width_raw_rs) ... ok
test_signature_response_identity_protection_integrity_and_crypto_fail_closed (test_kms_signer.KmsSignerTests.test_signature_response_identity_protection_integrity_and_crypto_fail_closed) ... ok
test_signer_pins_hsm_p256_key_and_returns_verifiable_signature (test_kms_signer.KmsSignerTests.test_signer_pins_hsm_p256_key_and_returns_verifiable_signature) ... ok
test_same_request_race_accepts_one_human_verification_and_one_evidence_object (test_multi_instance_state.MultiInstanceAuthorityStateTests.test_same_request_race_accepts_one_human_verification_and_one_evidence_object) ... ok
test_two_request_race_serializes_sequence_and_credential_counter_across_instances (test_multi_instance_state.MultiInstanceAuthorityStateTests.test_two_request_race_serializes_sequence_and_credential_counter_across_instances) ... ok
test_database_server_time_and_approved_state_survive_new_service_instance (test_postgres_state.PostgresAuthorityStateTests.test_database_server_time_and_approved_state_survive_new_service_instance) ... skipped 'PULPO_AUTHORITY_TEST_POSTGRES_DSN not configured'
test_distinct_request_race_produces_strict_sequences_and_counter_progression (test_postgres_state.PostgresAuthorityStateTests.test_distinct_request_race_produces_strict_sequences_and_counter_progression) ... skipped 'PULPO_AUTHORITY_TEST_POSTGRES_DSN not configured'
test_same_request_race_across_independent_postgres_state_objects_serializes_once (test_postgres_state.PostgresAuthorityStateTests.test_same_request_race_across_independent_postgres_state_objects_serializes_once) ... skipped 'PULPO_AUTHORITY_TEST_POSTGRES_DSN not configured'
test_state_payload_tamper_without_matching_hash_fails_closed (test_postgres_state.PostgresAuthorityStateTests.test_state_payload_tamper_without_matching_hash_fails_closed) ... skipped 'PULPO_AUTHORITY_TEST_POSTGRES_DSN not configured'
test_runtime_composes_existing_adapters_without_bootstrap_credentials (test_production_runtime.RuntimeCompositionTests.test_runtime_composes_existing_adapters_without_bootstrap_credentials) ... ok
test_runtime_rejects_a_locked_evidence_boundary_failure_before_app_exists (test_production_runtime.RuntimeCompositionTests.test_runtime_rejects_a_locked_evidence_boundary_failure_before_app_exists) ... ok
test_selected_origin_rp_and_hsm_identity_are_not_runtime_overrides (test_production_runtime.RuntimeCompositionTests.test_selected_origin_rp_and_hsm_identity_are_not_runtime_overrides) ... ok
test_settings_fail_closed_on_missing_or_ambiguous_external_particulars (test_production_runtime.RuntimeCompositionTests.test_settings_fail_closed_on_missing_or_ambiguous_external_particulars) ... ok
test_wrong_hsm_public_key_fails_before_state_or_service_construction (test_production_runtime.RuntimeCompositionTests.test_wrong_hsm_public_key_fails_before_state_or_service_construction) ... ok
test_approved_envelope_sequence_and_evidence_survive_restart (test_restart_adapters.AuthorityRestartAdapterTests.test_approved_envelope_sequence_and_evidence_survive_restart) ... ok
test_bootstrap_credential_substitution_is_rejected (test_restart_adapters.AuthorityRestartAdapterTests.test_bootstrap_credential_substitution_is_rejected) ... ok
test_evidence_durable_final_state_commit_interrupted_resumes_after_restart (test_restart_adapters.AuthorityRestartAdapterTests.test_evidence_durable_final_state_commit_interrupted_resumes_after_restart) ... ok
test_evidence_pending_retry_ignores_new_assertion_and_reuses_durable_payload (test_restart_adapters.AuthorityRestartAdapterTests.test_evidence_pending_retry_ignores_new_assertion_and_reuses_durable_payload) ... ok
test_expiry_and_trusted_time_do_not_regress_after_restart (test_restart_adapters.AuthorityRestartAdapterTests.test_expiry_and_trusted_time_do_not_regress_after_restart) ... ok
test_pending_request_and_challenge_survive_restart (test_restart_adapters.AuthorityRestartAdapterTests.test_pending_request_and_challenge_survive_restart) ... ok
test_snapshot_tamper_fails_closed_on_restart (test_restart_adapters.AuthorityRestartAdapterTests.test_snapshot_tamper_fails_closed_on_restart) ... ok
test_challenge_binds_request_payload_expiry_and_service_nonce (test_service.AuthorityServiceTests.test_challenge_binds_request_payload_expiry_and_service_nonce) ... ok
test_evidence_failure_releases_no_envelope_and_recovers_without_second_assertion (test_service.AuthorityServiceTests.test_evidence_failure_releases_no_envelope_and_recovers_without_second_assertion) ... ok
test_missing_uv_backup_state_and_counter_rollback_fail_closed (test_service.AuthorityServiceTests.test_missing_uv_backup_state_and_counter_rollback_fail_closed) ... ok
test_one_exact_verified_ceremony_produces_one_kernel_usable_envelope (test_service.AuthorityServiceTests.test_one_exact_verified_ceremony_produces_one_kernel_usable_envelope) ... ok
test_origin_and_rp_must_be_exact_https_boundary (test_service.AuthorityServiceTests.test_origin_and_rp_must_be_exact_https_boundary) ... ok
test_recovery_and_backup_eligible_credentials_cannot_approve (test_service.AuthorityServiceTests.test_recovery_and_backup_eligible_credentials_cannot_approve) ... ok
test_service_owned_time_rollback_fails_closed (test_service.AuthorityServiceTests.test_service_owned_time_rollback_fails_closed) ... ok
test_service_rejects_a_signer_outside_pinned_trust (test_service.AuthorityServiceTests.test_service_rejects_a_signer_outside_pinned_trust) ... ok
test_worker_cannot_lie_about_displayed_intent_or_deployment (test_service.AuthorityServiceTests.test_worker_cannot_lie_about_displayed_intent_or_deployment) ... ok

----------------------------------------------------------------------
Ran 65 tests in 0.267s

OK (skipped=4)
